// Jest Snapshot v1, https://goo.gl/fbAQLP

exports[`<DraggableSlideList /> should match snapshot 1`] = `
ShallowWrapper {
  Symbol(enzyme.__root__): [Circular],
  Symbol(enzyme.__unrendered__): <DraggableSlideList
    copySlide={[MockFunction]}
    createSlide={[MockFunction]}
    deleteSlide={[MockFunction]}
    moveSlide={[MockFunction]}
    selectSlide={[MockFunction]}
    selectedSlideId={0}
    shareSlide={[MockFunction]}
    slides={
      Array [
        Slide {
          "assets": Array [],
          "id": 0,
          "lastAssetId": 0,
          "name": "테스트 슬라이드",
          "selectedAssetId": undefined,
          "thumbnail": "https://avatars0.githubusercontent.com/u/14067209?s=88&v=4",
        },
        Slide {
          "assets": Array [],
          "id": 1,
          "lastAssetId": 0,
          "name": "테스트 슬라이드2",
          "selectedAssetId": undefined,
          "thumbnail": "https://avatars0.githubusercontent.com/u/14067209?s=88&v=4",
        },
      ]
    }
  />,
  Symbol(enzyme.__renderer__): Object {
    "batchedUpdates": [Function],
    "checkPropTypes": [Function],
    "getNode": [Function],
    "render": [Function],
    "simulateError": [Function],
    "simulateEvent": [Function],
    "unmount": [Function],
  },
  Symbol(enzyme.__node__): Object {
    "instance": null,
    "key": undefined,
    "nodeType": "function",
    "props": Object {
      "children": Array [
        <ul
          onDragOver={[Function]}
        >
          <li
            data-id={0}
            draggable={true}
            onDragEnd={[Function]}
            onDragStart={[Function]}
          >
            <SlidePreview
              active={true}
              idx={0}
              onClick={[MockFunction]}
              onCopy={[MockFunction]}
              onDelete={[MockFunction]}
              onShare={[MockFunction]}
              slide={
                Slide {
                  "assets": Array [],
                  "id": 0,
                  "lastAssetId": 0,
                  "name": "테스트 슬라이드",
                  "selectedAssetId": undefined,
                  "thumbnail": "https://avatars0.githubusercontent.com/u/14067209?s=88&v=4",
                }
              }
            />
          </li>
          <li
            data-id={1}
            draggable={true}
            onDragEnd={[Function]}
            onDragStart={[Function]}
          >
            <SlidePreview
              active={false}
              idx={1}
              onClick={[MockFunction]}
              onCopy={[MockFunction]}
              onDelete={[MockFunction]}
              onShare={[MockFunction]}
              slide={
                Slide {
                  "assets": Array [],
                  "id": 1,
                  "lastAssetId": 0,
                  "name": "테스트 슬라이드2",
                  "selectedAssetId": undefined,
                  "thumbnail": "https://avatars0.githubusercontent.com/u/14067209?s=88&v=4",
                }
              }
            />
          </li>
        </ul>,
        <SlideCreateCard
          onClick={[MockFunction]}
        />,
      ],
    },
    "ref": null,
    "rendered": Array [
      Object {
        "instance": null,
        "key": undefined,
        "nodeType": "host",
        "props": Object {
          "children": Array [
            <li
              data-id={0}
              draggable={true}
              onDragEnd={[Function]}
              onDragStart={[Function]}
            >
              <SlidePreview
                active={true}
                idx={0}
                onClick={[MockFunction]}
                onCopy={[MockFunction]}
                onDelete={[MockFunction]}
                onShare={[MockFunction]}
                slide={
                  Slide {
                    "assets": Array [],
                    "id": 0,
                    "lastAssetId": 0,
                    "name": "테스트 슬라이드",
                    "selectedAssetId": undefined,
                    "thumbnail": "https://avatars0.githubusercontent.com/u/14067209?s=88&v=4",
                  }
                }
              />
            </li>,
            <li
              data-id={1}
              draggable={true}
              onDragEnd={[Function]}
              onDragStart={[Function]}
            >
              <SlidePreview
                active={false}
                idx={1}
                onClick={[MockFunction]}
                onCopy={[MockFunction]}
                onDelete={[MockFunction]}
                onShare={[MockFunction]}
                slide={
                  Slide {
                    "assets": Array [],
                    "id": 1,
                    "lastAssetId": 0,
                    "name": "테스트 슬라이드2",
                    "selectedAssetId": undefined,
                    "thumbnail": "https://avatars0.githubusercontent.com/u/14067209?s=88&v=4",
                  }
                }
              />
            </li>,
          ],
          "onDragOver": [Function],
        },
        "ref": null,
        "rendered": Array [
          Object {
            "instance": null,
            "key": "slide0",
            "nodeType": "host",
            "props": Object {
              "children": <SlidePreview
                active={true}
                idx={0}
                onClick={[MockFunction]}
                onCopy={[MockFunction]}
                onDelete={[MockFunction]}
                onShare={[MockFunction]}
                slide={
                  Slide {
                    "assets": Array [],
                    "id": 0,
                    "lastAssetId": 0,
                    "name": "테스트 슬라이드",
                    "selectedAssetId": undefined,
                    "thumbnail": "https://avatars0.githubusercontent.com/u/14067209?s=88&v=4",
                  }
                }
              />,
              "data-id": 0,
              "draggable": true,
              "onDragEnd": [Function],
              "onDragStart": [Function],
            },
            "ref": null,
            "rendered": Object {
              "instance": null,
              "key": undefined,
              "nodeType": "function",
              "props": Object {
                "active": true,
                "idx": 0,
                "onClick": [MockFunction],
                "onCopy": [MockFunction],
                "onDelete": [MockFunction],
                "onShare": [MockFunction],
                "slide": Slide {
                  "assets": Array [],
                  "id": 0,
                  "lastAssetId": 0,
                  "name": "테스트 슬라이드",
                  "selectedAssetId": undefined,
                  "thumbnail": "https://avatars0.githubusercontent.com/u/14067209?s=88&v=4",
                },
              },
              "ref": null,
              "rendered": null,
              "type": [Function],
            },
            "type": "li",
          },
          Object {
            "instance": null,
            "key": "slide1",
            "nodeType": "host",
            "props": Object {
              "children": <SlidePreview
                active={false}
                idx={1}
                onClick={[MockFunction]}
                onCopy={[MockFunction]}
                onDelete={[MockFunction]}
                onShare={[MockFunction]}
                slide={
                  Slide {
                    "assets": Array [],
                    "id": 1,
                    "lastAssetId": 0,
                    "name": "테스트 슬라이드2",
                    "selectedAssetId": undefined,
                    "thumbnail": "https://avatars0.githubusercontent.com/u/14067209?s=88&v=4",
                  }
                }
              />,
              "data-id": 1,
              "draggable": true,
              "onDragEnd": [Function],
              "onDragStart": [Function],
            },
            "ref": null,
            "rendered": Object {
              "instance": null,
              "key": undefined,
              "nodeType": "function",
              "props": Object {
                "active": false,
                "idx": 1,
                "onClick": [MockFunction],
                "onCopy": [MockFunction],
                "onDelete": [MockFunction],
                "onShare": [MockFunction],
                "slide": Slide {
                  "assets": Array [],
                  "id": 1,
                  "lastAssetId": 0,
                  "name": "테스트 슬라이드2",
                  "selectedAssetId": undefined,
                  "thumbnail": "https://avatars0.githubusercontent.com/u/14067209?s=88&v=4",
                },
              },
              "ref": null,
              "rendered": null,
              "type": [Function],
            },
            "type": "li",
          },
        ],
        "type": "ul",
      },
      Object {
        "instance": null,
        "key": undefined,
        "nodeType": "function",
        "props": Object {
          "onClick": [MockFunction],
        },
        "ref": null,
        "rendered": null,
        "type": [Function],
      },
    ],
    "type": Symbol(react.fragment),
  },
  Symbol(enzyme.__nodes__): Array [
    Object {
      "instance": null,
      "key": undefined,
      "nodeType": "function",
      "props": Object {
        "children": Array [
          <ul
            onDragOver={[Function]}
          >
            <li
              data-id={0}
              draggable={true}
              onDragEnd={[Function]}
              onDragStart={[Function]}
            >
              <SlidePreview
                active={true}
                idx={0}
                onClick={[MockFunction]}
                onCopy={[MockFunction]}
                onDelete={[MockFunction]}
                onShare={[MockFunction]}
                slide={
                  Slide {
                    "assets": Array [],
                    "id": 0,
                    "lastAssetId": 0,
                    "name": "테스트 슬라이드",
                    "selectedAssetId": undefined,
                    "thumbnail": "https://avatars0.githubusercontent.com/u/14067209?s=88&v=4",
                  }
                }
              />
            </li>
            <li
              data-id={1}
              draggable={true}
              onDragEnd={[Function]}
              onDragStart={[Function]}
            >
              <SlidePreview
                active={false}
                idx={1}
                onClick={[MockFunction]}
                onCopy={[MockFunction]}
                onDelete={[MockFunction]}
                onShare={[MockFunction]}
                slide={
                  Slide {
                    "assets": Array [],
                    "id": 1,
                    "lastAssetId": 0,
                    "name": "테스트 슬라이드2",
                    "selectedAssetId": undefined,
                    "thumbnail": "https://avatars0.githubusercontent.com/u/14067209?s=88&v=4",
                  }
                }
              />
            </li>
          </ul>,
          <SlideCreateCard
            onClick={[MockFunction]}
          />,
        ],
      },
      "ref": null,
      "rendered": Array [
        Object {
          "instance": null,
          "key": undefined,
          "nodeType": "host",
          "props": Object {
            "children": Array [
              <li
                data-id={0}
                draggable={true}
                onDragEnd={[Function]}
                onDragStart={[Function]}
              >
                <SlidePreview
                  active={true}
                  idx={0}
                  onClick={[MockFunction]}
                  onCopy={[MockFunction]}
                  onDelete={[MockFunction]}
                  onShare={[MockFunction]}
                  slide={
                    Slide {
                      "assets": Array [],
                      "id": 0,
                      "lastAssetId": 0,
                      "name": "테스트 슬라이드",
                      "selectedAssetId": undefined,
                      "thumbnail": "https://avatars0.githubusercontent.com/u/14067209?s=88&v=4",
                    }
                  }
                />
              </li>,
              <li
                data-id={1}
                draggable={true}
                onDragEnd={[Function]}
                onDragStart={[Function]}
              >
                <SlidePreview
                  active={false}
                  idx={1}
                  onClick={[MockFunction]}
                  onCopy={[MockFunction]}
                  onDelete={[MockFunction]}
                  onShare={[MockFunction]}
                  slide={
                    Slide {
                      "assets": Array [],
                      "id": 1,
                      "lastAssetId": 0,
                      "name": "테스트 슬라이드2",
                      "selectedAssetId": undefined,
                      "thumbnail": "https://avatars0.githubusercontent.com/u/14067209?s=88&v=4",
                    }
                  }
                />
              </li>,
            ],
            "onDragOver": [Function],
          },
          "ref": null,
          "rendered": Array [
            Object {
              "instance": null,
              "key": "slide0",
              "nodeType": "host",
              "props": Object {
                "children": <SlidePreview
                  active={true}
                  idx={0}
                  onClick={[MockFunction]}
                  onCopy={[MockFunction]}
                  onDelete={[MockFunction]}
                  onShare={[MockFunction]}
                  slide={
                    Slide {
                      "assets": Array [],
                      "id": 0,
                      "lastAssetId": 0,
                      "name": "테스트 슬라이드",
                      "selectedAssetId": undefined,
                      "thumbnail": "https://avatars0.githubusercontent.com/u/14067209?s=88&v=4",
                    }
                  }
                />,
                "data-id": 0,
                "draggable": true,
                "onDragEnd": [Function],
                "onDragStart": [Function],
              },
              "ref": null,
              "rendered": Object {
                "instance": null,
                "key": undefined,
                "nodeType": "function",
                "props": Object {
                  "active": true,
                  "idx": 0,
                  "onClick": [MockFunction],
                  "onCopy": [MockFunction],
                  "onDelete": [MockFunction],
                  "onShare": [MockFunction],
                  "slide": Slide {
                    "assets": Array [],
                    "id": 0,
                    "lastAssetId": 0,
                    "name": "테스트 슬라이드",
                    "selectedAssetId": undefined,
                    "thumbnail": "https://avatars0.githubusercontent.com/u/14067209?s=88&v=4",
                  },
                },
                "ref": null,
                "rendered": null,
                "type": [Function],
              },
              "type": "li",
            },
            Object {
              "instance": null,
              "key": "slide1",
              "nodeType": "host",
              "props": Object {
                "children": <SlidePreview
                  active={false}
                  idx={1}
                  onClick={[MockFunction]}
                  onCopy={[MockFunction]}
                  onDelete={[MockFunction]}
                  onShare={[MockFunction]}
                  slide={
                    Slide {
                      "assets": Array [],
                      "id": 1,
                      "lastAssetId": 0,
                      "name": "테스트 슬라이드2",
                      "selectedAssetId": undefined,
                      "thumbnail": "https://avatars0.githubusercontent.com/u/14067209?s=88&v=4",
                    }
                  }
                />,
                "data-id": 1,
                "draggable": true,
                "onDragEnd": [Function],
                "onDragStart": [Function],
              },
              "ref": null,
              "rendered": Object {
                "instance": null,
                "key": undefined,
                "nodeType": "function",
                "props": Object {
                  "active": false,
                  "idx": 1,
                  "onClick": [MockFunction],
                  "onCopy": [MockFunction],
                  "onDelete": [MockFunction],
                  "onShare": [MockFunction],
                  "slide": Slide {
                    "assets": Array [],
                    "id": 1,
                    "lastAssetId": 0,
                    "name": "테스트 슬라이드2",
                    "selectedAssetId": undefined,
                    "thumbnail": "https://avatars0.githubusercontent.com/u/14067209?s=88&v=4",
                  },
                },
                "ref": null,
                "rendered": null,
                "type": [Function],
              },
              "type": "li",
            },
          ],
          "type": "ul",
        },
        Object {
          "instance": null,
          "key": undefined,
          "nodeType": "function",
          "props": Object {
            "onClick": [MockFunction],
          },
          "ref": null,
          "rendered": null,
          "type": [Function],
        },
      ],
      "type": Symbol(react.fragment),
    },
  ],
  Symbol(enzyme.__options__): Object {
    "adapter": ReactSixteenAdapter {
      "options": Object {
        "enableComponentDidUpdateOnSetState": true,
        "legacyContextMode": "parent",
        "lifecycles": Object {
          "componentDidUpdate": Object {
            "onSetState": true,
          },
          "getChildContext": Object {
            "calledByRenderer": false,
          },
          "getDerivedStateFromProps": Object {
            "hasShouldComponentUpdateBug": false,
          },
          "getSnapshotBeforeUpdate": true,
          "setState": Object {
            "skipsComponentDidUpdateOnNullish": true,
          },
        },
      },
    },
  },
  Symbol(enzyme.__childContext__): null,
}
`;
